// Jest Snapshot v1, https://goo.gl/fbAQLP

exports[`Render components render HomePage 1`] = `
<div
  className="card-container"
/>
`;
